--------------------------------------------------------------------------------
PCB Quote(RFQ) Report For File: CAM_GERB_V4.Cam   2018-03-18 19:30:49
--------------------------------------------------------------------------------

PCB Quote Units: [inch]


--------------------------------------------------------------------------------
PCB Board Dimensions
--------------------------------------------------------------------------------
Width                         0 inch                        
Height                        0 inch                        
Area                          0 inch²                       
Perimeter                     0 inch                        
--------------------------------------------------------------------------------


--------------------------------------------------------------------------------
Selected Panel Features
--------------------------------------------------------------------------------
Panel Width                   0 inch                        
Panel Height                  0 inch                        
Panelized Boards Count        0                             
Horizontal Count              0                             
Vertical Count                0                             
--------------------------------------------------------------------------------


--------------------------------------------------------------------------------
Board Geometry
--------------------------------------------------------------------------------
Minimum Trace Width           0 inch                        
Minimum Gap Spacing           0 inch                        
--------------------------------------------------------------------------------


--------------------------------------------------------------------------------
Board Area Calculations
--------------------------------------------------------------------------------


--------------------------------------------------------------------------------
Board Drill Information
--------------------------------------------------------------------------------
Drills Count                  0                             
Different Drill Sizes         0                             
Smallest Drill Diameter       0 inch                        
Biggest Drill Diameter        0 inch                        
--------------------------------------------------------------------------------


--------------------------------------------------------------------------------
Via Information
--------------------------------------------------------------------------------
Via Count                     0                             
Via Diameter                  0 inch                        
Buried Via Count              0                             
Blind Via Count               0 inch                        
--------------------------------------------------------------------------------


--------------------------------------------------------------------------------
SMT Pads Information
--------------------------------------------------------------------------------
SMT Pads Count                0                             
SMT Pads Count - Top Side     0                             
SMT Pads Count - Bottom Side  0                             
Minimum Size - Top Side       0 inch                        
Minimum Size - Bottom Side    0 inch                        
Minimum Pitch - Top Side      0 inch                        
Minimum Pitch - Bottom Side   0 inch                        
--------------------------------------------------------------------------------


--------------------------------------------------------------------------------
Layer Name to Layer Type Map
--------------------------------------------------------------------------------
pcb1_v3.gto                   Silk Top                      
pcb1_v3.gtp                   Paste Top                     
pcb1_v3.gts                   Mask Top                      
pcb1_v3.gtl                   Top                           
pcb1_v3.g1                    Internal                      
pcb1_v3.g2                    Internal                      
pcb1_v3.gbl                   Bottom                        
pcb1_v3.gbs                   Mask Bot                      
pcb1_v3.gm1                   Temporary                     
pcb1_v3.gm13                  Temporary                     
pcb1_v3.gm15                  Temporary                     
pcb1_v3.gko                   Border                        
pcb1_v3.gml                   Temporary                     
--------------------------------------------------------------------------------


--------------------------------------------------------------------------------
Board Layer's Count
--------------------------------------------------------------------------------
Signal Layers Count           4                             
Internal Plane Layers Count   0                             
Positive Plane Layers Count   0                             
Drill Layers Count            0                             
Paste Mask Layers Count       1                             
Silkscreen Layers Count       1                             
Solder Mask Layers Count      2                             
--------------------------------------------------------------------------------
